ammo.frm
armor.frm
conteinr.frm
engine.frm
itemm.frm
medical.frm
quest.frm
reserved.frm
spec.frm
tool.frm
weapon.frm
cont0001.frm
cont0002.frm
cont0003.frm
cont0004.frm
cont0005.frm
cont0006.frm
cont0007.frm
cont0008.frm
cont0009.frm
cont0010.frm
cont0011.frm
cont0012.frm
cont0013.frm
cont0014.frm
cont0015.frm
cont0016.frm
cont0017.frm
cont0018.frm
cont0019.frm
cont0020.frm
cont0021.frm
cont0022.frm
cont0023.frm
cont0024.frm
cont0025.frm
cont0026.frm
cont0027.frm
cont0028.frm
cont0029.frm
cont0030.frm
cont0031.frm
cont0032.frm
cont0033.frm
cont0034.frm
cont0035.frm
cont0036.frm
cont0037.frm
cont0038.frm
cont0039.frm
cont0000.frm
cont0040.frm
cont0041.frm
cont0042.frm
cont0043.frm
cont0044.frm
cont0045.frm
cont0046.frm
cont0047.frm
cont0048.frm
cont0049.frm
cont0050.frm
cont0051.frm
cont0052.frm
cont0053.frm
cont0054.frm
cont0055.frm
cont0056.frm
cont0057.frm
cont0058.frm
cont0059.frm
cont0060.frm
cont0061.frm
cont0062.frm
cont0063.frm
cont0064.frm
cont0065.frm
cont0066.frm
cont0067.frm
cont0068.frm
cont0069.frm
cont0070.frm
cont0071.frm
cont0072.frm
cont0073.frm
cont0074.frm
cont0075.frm
cont0076.frm
cont0077.frm
cont0078.frm
cont0079.frm
zbottle.frm
zmedicin.frm
zrocket.frm
zammo.frm
zbalon.frm
arhokkyZ.frm
wpbrttaZ.frm
Zknife1.FRM
Zknife2.FRM
Zmolot1.frm
Zmolot2.frm
Zpalka1.FRM
Zpalka2.FRM
Zpistol1.FRM
Zpistol2.FRM
Zrifle1.FRM
Zrifle2.FRM
Zrock1.FRM
Zrock2.FRM
Zspear1.FRM
Zspear2.FRM
Zuzi1.FRM
Zuzi2.FRM
Zwpnbox1.FRM
Zwpnbox2.FRM
Zfreza.frm
boxbig01.frm
boxbig02.frm
boxbig03.frm
boxbig04.frm
boxsml01.frm
boxsml02.frm
boxsml03.frm
boxsml04.frm
boxsml05.frm
boxsml06.frm
itmoney.frm
BOOK.FRM
Zplate.frm
itshowel.frm
itmina.frm
itc40004.frm
itc40005.frm
itfomka.frm
itc40001.frm
itc40002.frm
itbarrel.frm
itcorn01.frm
armekzo1.frm
itrope.frm
cont0080.frm
cont0081.frm
cont0082.frm
cont0083.frm
cont0084.frm
cont0085.frm
cont0086.frm
cont0087.frm
cont0088.frm
cont0089.frm
cont0090.frm
cont0091.frm
cont0092.frm
cont0093.frm
cont0094.frm
cont0095.frm
cont0096.frm
cont0097.frm
cont0098.frm
cont0099.frm
cont0100.frm
cont0101.frm
cont0102.frm
cont0103.frm
cont0104.frm
cont0105.frm
cont0106.frm
cont0107.frm
cont0108.frm
cont0109.frm
cont0110.frm
cont0111.frm
cont0112.frm
cont0113.frm
cont0114.frm
cont0115.frm
cont0116.frm
BOOK1.FRM
boxbig05.frm
boxsml07.frm
boxsml08.frm
Zammo1.frm
Zbag1.frm
Zbazuka1.frm
Zmingun1.frm
Zmolot3.frm
Zpalka3.frm
Zrifle3.frm
Zstuff1.frm
Ztank1.frm
repkit1g.frm
repkit2g.frm
repkit3g.frm
aras2k1.frm
aras2k2.frm
arbsbl.frm
arcmbt.frm
ardfnder.frm
arenvr.frm
arhokey.frm
armaks.frm
armetal.frm
armltr.frm
biggun1.frm
biggun2.frm
biggun3.frm
Zpistol3.FRM
Zpistol4.FRM
Zrifle4.FRM
Zrifle5.FRM
Zuzi3.FRM
40mm1Z.frm
40mm2Z.frm
Zbazuka2.frm
Zbazuka3.frm
krtitem.frm
spbestcl.frm
spbesttt.frm
spchimcl.frm
spchimth.frm
spgodwep.frm
spjacktt.frm
spjack2.frm
spmolett.frm
sprattt.frm
spscrptl.frm
spurscl.frm
spurstt.frm
blank.frm
cddisque.frm
drovai.frm
sctalei.frm
vantuz.frm
itzola.frm
itleafs.frm