reserven.frm
medanal.frm
medaple.frm
medbint.frm
medbrin.frm
medbuzz.frm
medheal.frm
medknjk.frm
medkomb.frm
medlarm.frm
medlzrt.frm
medpdot.frm
medpear.frm
medpout.frm
medradx.frm
medrdot.frm
medrest.frm
medrout.frm
medspup.frm
medstrn.frm
medwhsk.frm
bl9brn.frm
bl9fmj.frm
bl9new.frm
bl9rst.frm
bl12blt.frm
bl12fre.frm
bl12lng.frm
bl12new.frm
bl12rst.frm
bl25emi.frm
bl25new.frm
bl38new.frm
bl38rst.frm
bl40fre.frm
bl40new.frm
bl45new.frm
bl45rst.frm
bl50new.frm
bl223brn.frm
bl223new.frm
bl223rst.frm
bl308new.frm
bl308rst.frm
blbigbat.frm
bldarts.frm
blmgnm.frm
blminbat.frm
blnplm.frm
bltravm.frm
blremi.frm
blrfre.frm
blrnew.frm
blpnev.frm
arhokkey.frm
hndpstl1.frm
hndkstt3.frm
hndkstt2.frm
hndkstt1.frm
hndglove.frm
hndshtpr.frm
hndcrclr.frm
knfpilka.frm
knflaser.frm
metnozh2.frm
metnozh1.frm
knfcmbt1.frm
knfkuhn2.frm
knftesk1.frm
knfscpl1.frm
sprelctr.frm
sprwood2.frm
spriron1.frm
mltelctr.frm
mlthmmr1.frm
mltmlot2.frm
plkscck2.frm
plkligt1.frm
plkligt2.frm
plkclef1.frm
plkratsl.frm
plkmltk1.frm
plkpalka.frm
plkcue01.frm
plkpipe1.frm
plkplic1.frm
metgremi.frm
metgrnd4.frm
metrock1.frm
metmltv1.frm
metgrnd3.frm
metgrnd2.frm
metfreza.frm
metshar1.frm
smgvndt1.frm
smgvndtr.frm
rflshot4.frm
rflshotr.frm
itshotbr.frm
itvndtbr.frm
itballs2.frm
itbltnut.frm
itbook02.frm
itbook03.frm
itbottl1.frm
itcomb01.frm
itdrawn1.frm
itdrawn2.frm
itdrawn3.frm
itfork02.frm
itfork03.frm
itgall01.frm
itmatchs.frm
itmoney.frm
itnitki1.frm
itpencil.frm
itplate2.frm
itplate3.frm
itplates.frm
itsoap01.frm
itspoon1.frm
itspoon3.frm
itstopka.frm
ittmpon1.frm
ittryapk.frm
itshowel.frm
itgloves.frm
iteltrdr.frm
itextrdr.frm
itlcknm1.frm
itlcknm2.frm
itlckrl1.frm
itlckrl2.frm
itmina.frm
itc40004.frm
itc40005.frm
itdedntr.frm
itdetntr.frm
plkfomka.frm
itscrew1.frm
ittool02.frm
itc40001.frm
itc40002.frm
itntbook.frm
plkclef2.frm
itbarrei.frm
itcorn01.frm
voddet1.frm
voddet2.frm
voddet3.frm
vodzapch.frm
itcandy1.frm
armekzo1.frm
itbottl2.frm
itrope.frm
itbuzpr1.frm
itbuzpr2.frm
itbuzprt.frm
bgflame3.frm
bgsupprt.frm
repkit1i.frm
repkit2i.frm
repkit3i.frm
engdoctr.frm
engmed1.frm
bgflame1.frm
engdin0.frm
bglaw.frm
bgturrfl.frm
engdin1.frm
enggeigr.frm
engstels.frm
engmovm.frm
bukscien.frm
itpistbr.frm
itrvlvbr.frm
bukelctr.frm
itriflbr.frm
bukmedcn.frm
itavtmbr.frm
itrepkit.frm
bukscout.frm
bgbaraka.frm
bgslr3.frm
bgslr4.frm
bgplasma.frm
bgflame2.frm
bukguns.frm
arlthr1.frm
arlthr2.frm
arbsbl1.frm
arbsbl2.frm
arkirasa.frm
armetal.frm
armltr.frm
armltcmb.frm
armltsct.frm
armltfuk.frm
arekzo.frm
arbattl1.frm
arbattl2.frm
aras2k1.frm
aras2k2.frm
ardfnder.frm
tesak2.frm
pstslugr.frm
pstdtctv.frm
pstrpair.frm
pstmagma.frm
pstsignl.frm
psttundr.frm
pstglok1.frm
pstglok2.frm
pstrepar.frm
pstzip.frm
psttrnkv.frm
pstosa.frm
pstcolt1.frm
pstscope.frm
pstjackl.frm
pstsl9.frm
pstair1.frm
pstair2.frm
smghlmut.frm
smggetto.frm
smgkrikt.frm
smgfilip.frm
smghkscp.frm
smghkmgz.frm
smgsl10.frm
smgplsma.frm
rfln17a1.frm
rflnscop.frm
rfldrum.frm
rflcivil.frm
rflklh.frm
rflrpair.frm
rflhunt1.frm
rflhunt2.frm
rfljackl.frm
rflscop3.frm
rflrain.frm
rflnail.frm
rfllilit.frm
rflfobos.frm
rfldoubl.frm
rflpoket.frm
rflshort.frm
mngturet.frm
mngurgan.frm
grnmltr1.frm
rflpnev1.frm
grnfire.frm
rfl40mm1.frm
bzkarmy.frm
bzksnr.frm
rfl40mm2.frm
grnmltv.frm
rflshotr.frm
rflwild.frm
rflhrdnr.frm
rflgremi.frm
rflhottr.frm
rflpnev2.frm
mnghevy.frm
mngheat.frm
bzkemi.frm
bzkzip.frm
grnemi.frm
grnmltr2.frm
grnhome.frm
engdin1.frm
enggeig1.frm
engmov1.frm
engstel1.frm
krtstr.frm
krtprc.frm
krtend.frm
krtchr.frm
krtint.frm
krtagl.frm
krtluk.frm
blank.frm
antbody.frm
bluewata.frm
bookeli.frm
card2b.frm
cardengr.frm
cardorgn.frm
cardphys.frm
cards.frm
cardx1.frm
cardx2.frm
cddisque.frm
cdporno.frm
cdromntk.frm
cheez.frm
chimcnin.frm
const15.frm
dugjeton.frm
enciclpd.frm
energtik.frm
fingrrng.frm
firstaid.frm
humnmeat.frm
jcklbrrl.frm
jckldrum.frm
jcklhndl.frm
lavmeatc.frm
lavmeats.frm
lavskin.frm
leafs.frm
machpart.frm
mapr1.frm
mapr2.frm
mapr3.frm
mapr4.frm
methndgr.frm
modvoice.frm
motorbr.frm
motorok.frm
nwokey.frm
orbasbal.frm
ornorris.frm
orspeker.frm
paintcan.frm
paramedk.frm
perfume.frm
plsmprot.frm
rapture.frm
rbtrhand.frm
robered.frm
solargun.frm
stontoch.frm
sugar.frm
svirus.frm
tincup.frm
tinroll.frm
tipsbook.frm
udobreni.frm
ulrepkit.frm
wavelgic.frm
zola.frm
rflrprd2.frm
drova.frm
sctale.frm
vantuzi.frm
ntlvcnfr.frm
dagnote.frm
repparts.frm
vibrator.frm
antradin.frm
syvortka.frm
lavshtin.frm
greynote.frm
dinoffly.frm
encell.frm
servoeng.frm
essence.frm